// Jest Snapshot v1, https://goo.gl/fbAQLP

exports[`renders correctly with a forecast 1`] = `
[
  <p>
    Current Weather: 
    Partly Cloudy
  </p>,
  <div>
    <div>
      2020-01-01T00:00:00+0
      2020-01-01T00:00:00+0
      Partly Cloudy with a chance of meatballs.
    </div>
  </div>,
]
`;

exports[`renders correctly with no forecast 1`] = `
<p>
  Current Weather: 
</p>
`;
